// Jest Snapshot v1, https://goo.gl/fbAQLP

exports[`ExamAPIError renders with the default information 1`] = `
Object {
  "asFragment": [Function],
  "baseElement": <body>
    <div>
      <div
        class="fade alert-content alert alert-danger show"
        data-testid="exam-api-error-component"
        role="alert"
      >
        <div
          class="pgn__alert-message-wrapper"
        >
          <div
            class="alert-message-content"
          >
            <span
              class="pgn__icon alert-icon"
            >
              <svg
                aria-hidden="true"
                fill="none"
                focusable="false"
                height="24"
                role="img"
                viewBox="0 0 24 24"
                width="24"
                xmlns="http://www.w3.org/2000/svg"
              >
                <path
                  d="M12 2C6.48 2 2 6.48 2 12s4.48 10 10 10 10-4.48 10-10S17.52 2 12 2zm1 15h-2v-6h2v6zm0-8h-2V7h2v2z"
                  fill="currentColor"
                />
              </svg>
            </span>
            <div
              class="alert-heading h4"
              data-testid="error-details"
            >
              A system error has occurred with your exam.
            </div>
            <p>
              If the issue persists, please reach out to support for assistance, and return to the exam once you receive further instructions.
            </p>
          </div>
        </div>
      </div>
    </div>
  </body>,
  "container": <div>
    <div
      class="fade alert-content alert alert-danger show"
      data-testid="exam-api-error-component"
      role="alert"
    >
      <div
        class="pgn__alert-message-wrapper"
      >
        <div
          class="alert-message-content"
        >
          <span
            class="pgn__icon alert-icon"
          >
            <svg
              aria-hidden="true"
              fill="none"
              focusable="false"
              height="24"
              role="img"
              viewBox="0 0 24 24"
              width="24"
              xmlns="http://www.w3.org/2000/svg"
            >
              <path
                d="M12 2C6.48 2 2 6.48 2 12s4.48 10 10 10 10-4.48 10-10S17.52 2 12 2zm1 15h-2v-6h2v6zm0-8h-2V7h2v2z"
                fill="currentColor"
              />
            </svg>
          </span>
          <div
            class="alert-heading h4"
            data-testid="error-details"
          >
            A system error has occurred with your exam.
          </div>
          <p>
            If the issue persists, please reach out to support for assistance, and return to the exam once you receive further instructions.
          </p>
        </div>
      </div>
    </div>
  </div>,
  "debug": [Function],
  "findAllByAltText": [Function],
  "findAllByDisplayValue": [Function],
  "findAllByLabelText": [Function],
  "findAllByPlaceholderText": [Function],
  "findAllByRole": [Function],
  "findAllByTestId": [Function],
  "findAllByText": [Function],
  "findAllByTitle": [Function],
  "findByAltText": [Function],
  "findByDisplayValue": [Function],
  "findByLabelText": [Function],
  "findByPlaceholderText": [Function],
  "findByRole": [Function],
  "findByTestId": [Function],
  "findByText": [Function],
  "findByTitle": [Function],
  "getAllByAltText": [Function],
  "getAllByDisplayValue": [Function],
  "getAllByLabelText": [Function],
  "getAllByPlaceholderText": [Function],
  "getAllByRole": [Function],
  "getAllByTestId": [Function],
  "getAllByText": [Function],
  "getAllByTitle": [Function],
  "getByAltText": [Function],
  "getByDisplayValue": [Function],
  "getByLabelText": [Function],
  "getByPlaceholderText": [Function],
  "getByRole": [Function],
  "getByTestId": [Function],
  "getByText": [Function],
  "getByTitle": [Function],
  "queryAllByAltText": [Function],
  "queryAllByDisplayValue": [Function],
  "queryAllByLabelText": [Function],
  "queryAllByPlaceholderText": [Function],
  "queryAllByRole": [Function],
  "queryAllByTestId": [Function],
  "queryAllByText": [Function],
  "queryAllByTitle": [Function],
  "queryByAltText": [Function],
  "queryByDisplayValue": [Function],
  "queryByLabelText": [Function],
  "queryByPlaceholderText": [Function],
  "queryByRole": [Function],
  "queryByTestId": [Function],
  "queryByText": [Function],
  "queryByTitle": [Function],
  "rerender": [Function],
  "unmount": [Function],
}
`;
